[1/12] cl /c /Zc:__cplusplus /Zp8 /GR /W3 /EHs /nologo /MD /D_CRT_SECURE_NO_DEPRECATE /D_SCL_SECURE_NO_DEPRECATE /D_SECURE_SCL=0   /DMATLAB_MEX_FILE  /DMATLAB_MEX_FILE /O2 /Oy- /DNDEBUG /fp:strict /utf-8 /I "." /I "G:\KTH\KTH exjobb 2025 - Local\EROS GUI\11 c_code" /I ".\interface" /I "C:\Program Files\MATLAB\R2025a\extern\include" /I "." -DMODEL=EROS_all_double_set_add_clipAny_limit5_mex   interface\_coder_EROS_all_double_set_add_clipAny_limit5_mex.c /Fobuild\win64\_coder_EROS_all_double_set_add_clipAny_limit5_mex.obj
_coder_EROS_all_double_set_add_clipAny_limit5_mex.c
[2/12] cl /c /Zc:__cplusplus /Zp8 /GR /W3 /EHs /nologo /MD /D_CRT_SECURE_NO_DEPRECATE /D_SCL_SECURE_NO_DEPRECATE /D_SECURE_SCL=0   /DMATLAB_MEX_FILE  /DMATLAB_MEX_FILE /O2 /Oy- /DNDEBUG /fp:strict /utf-8 /I "." /I "G:\KTH\KTH exjobb 2025 - Local\EROS GUI\11 c_code" /I ".\interface" /I "C:\Program Files\MATLAB\R2025a\extern\include" /I "." -DMODEL=EROS_all_double_set_add_clipAny_limit5_mex   EROS_all_double_set_add_clipAny_limit5_emxutil.c /Fobuild\win64\EROS_all_double_set_add_clipAny_limit5_emxutil.obj
EROS_all_double_set_add_clipAny_limit5_emxutil.c
[3/12] cl /c /Zc:__cplusplus /Zp8 /GR /W3 /EHs /nologo /MD /D_CRT_SECURE_NO_DEPRECATE /D_SCL_SECURE_NO_DEPRECATE /D_SECURE_SCL=0   /DMATLAB_MEX_FILE  /DMATLAB_MEX_FILE /O2 /Oy- /DNDEBUG /fp:strict /utf-8 /I "." /I "G:\KTH\KTH exjobb 2025 - Local\EROS GUI\11 c_code" /I ".\interface" /I "C:\Program Files\MATLAB\R2025a\extern\include" /I "." -DMODEL=EROS_all_double_set_add_clipAny_limit5_mex   EROS_all_double_set_add_clipAny_limit5_initialize.c /Fobuild\win64\EROS_all_double_set_add_clipAny_limit5_initialize.obj
EROS_all_double_set_add_clipAny_limit5_initialize.c
[4/12] cl /c /Zc:__cplusplus /Zp8 /GR /W3 /EHs /nologo /MD /D_CRT_SECURE_NO_DEPRECATE /D_SCL_SECURE_NO_DEPRECATE /D_SECURE_SCL=0   /DMATLAB_MEX_FILE  /DMATLAB_MEX_FILE /O2 /Oy- /DNDEBUG /fp:strict /utf-8 /I "." /I "G:\KTH\KTH exjobb 2025 - Local\EROS GUI\11 c_code" /I ".\interface" /I "C:\Program Files\MATLAB\R2025a\extern\include" /I "." -DMODEL=EROS_all_double_set_add_clipAny_limit5_mex   EROS_all_double_set_add_clipAny_limit5_data.c /Fobuild\win64\EROS_all_double_set_add_clipAny_limit5_data.obj
EROS_all_double_set_add_clipAny_limit5_data.c
[5/12] cl /c /Zc:__cplusplus /Zp8 /GR /W3 /EHs /nologo /MD /D_CRT_SECURE_NO_DEPRECATE /D_SCL_SECURE_NO_DEPRECATE /D_SECURE_SCL=0   /DMATLAB_MEX_FILE  /DMATLAB_MEX_FILE /O2 /Oy- /DNDEBUG /fp:strict /utf-8 /I "." /I "G:\KTH\KTH exjobb 2025 - Local\EROS GUI\11 c_code" /I ".\interface" /I "C:\Program Files\MATLAB\R2025a\extern\include" /I "." -DMODEL=EROS_all_double_set_add_clipAny_limit5_mex   rt_nonfinite.c /Fobuild\win64\rt_nonfinite.obj
rt_nonfinite.c
[6/12] cl /c /Zc:__cplusplus /Zp8 /GR /W3 /EHs /nologo /MD /D_CRT_SECURE_NO_DEPRECATE /D_SCL_SECURE_NO_DEPRECATE /D_SECURE_SCL=0   /DMATLAB_MEX_FILE  /DMATLAB_MEX_FILE /O2 /Oy- /DNDEBUG /fp:strict /utf-8 /I "." /I "G:\KTH\KTH exjobb 2025 - Local\EROS GUI\11 c_code" /I ".\interface" /I "C:\Program Files\MATLAB\R2025a\extern\include" /I "." -DMODEL=EROS_all_double_set_add_clipAny_limit5_mex   "C:\Program Files\MATLAB\R2025a\extern\version\c_mexapi_version.c" /Fobuild\win64\c_mexapi_version.obj
c_mexapi_version.c
[7/12] cl /c /Zc:__cplusplus /Zp8 /GR /W3 /EHs /nologo /MD /D_CRT_SECURE_NO_DEPRECATE /D_SCL_SECURE_NO_DEPRECATE /D_SECURE_SCL=0   /DMATLAB_MEX_FILE  /DMATLAB_MEX_FILE /O2 /Oy- /DNDEBUG /fp:strict /utf-8 /I "." /I "G:\KTH\KTH exjobb 2025 - Local\EROS GUI\11 c_code" /I ".\interface" /I "C:\Program Files\MATLAB\R2025a\extern\include" /I "." -DMODEL=EROS_all_double_set_add_clipAny_limit5_mex   EROS_all_double_set_add_clipAny_limit5_terminate.c /Fobuild\win64\EROS_all_double_set_add_clipAny_limit5_terminate.obj
EROS_all_double_set_add_clipAny_limit5_terminate.c
[8/12] cl /c /Zc:__cplusplus /Zp8 /GR /W3 /EHs /nologo /MD /D_CRT_SECURE_NO_DEPRECATE /D_SCL_SECURE_NO_DEPRECATE /D_SECURE_SCL=0   /DMATLAB_MEX_FILE  /DMATLAB_MEX_FILE /O2 /Oy- /DNDEBUG /fp:strict /utf-8 /I "." /I "G:\KTH\KTH exjobb 2025 - Local\EROS GUI\11 c_code" /I ".\interface" /I "C:\Program Files\MATLAB\R2025a\extern\include" /I "." -DMODEL=EROS_all_double_set_add_clipAny_limit5_mex   unsafeSxfun.c /Fobuild\win64\unsafeSxfun.obj
unsafeSxfun.c
[9/12] cl /c /Zc:__cplusplus /Zp8 /GR /W3 /EHs /nologo /MD /D_CRT_SECURE_NO_DEPRECATE /D_SCL_SECURE_NO_DEPRECATE /D_SECURE_SCL=0   /DMATLAB_MEX_FILE  /DMATLAB_MEX_FILE /O2 /Oy- /DNDEBUG /fp:strict /utf-8 /I "." /I "G:\KTH\KTH exjobb 2025 - Local\EROS GUI\11 c_code" /I ".\interface" /I "C:\Program Files\MATLAB\R2025a\extern\include" /I "." -DMODEL=EROS_all_double_set_add_clipAny_limit5_mex   interface\_coder_EROS_all_double_set_add_clipAny_limit5_api.c /Fobuild\win64\_coder_EROS_all_double_set_add_clipAny_limit5_api.obj
_coder_EROS_all_double_set_add_clipAny_limit5_api.c
[10/12] cl /c /Zc:__cplusplus /Zp8 /GR /W3 /EHs /nologo /MD /D_CRT_SECURE_NO_DEPRECATE /D_SCL_SECURE_NO_DEPRECATE /D_SECURE_SCL=0   /DMATLAB_MEX_FILE  /DMATLAB_MEX_FILE /O2 /Oy- /DNDEBUG /fp:strict /utf-8 /I "." /I "G:\KTH\KTH exjobb 2025 - Local\EROS GUI\11 c_code" /I ".\interface" /I "C:\Program Files\MATLAB\R2025a\extern\include" /I "." -DMODEL=EROS_all_double_set_add_clipAny_limit5_mex   interface\_coder_EROS_all_double_set_add_clipAny_limit5_info.c /Fobuild\win64\_coder_EROS_all_double_set_add_clipAny_limit5_info.obj
_coder_EROS_all_double_set_add_clipAny_limit5_info.c
[11/12] cl /c /Zc:__cplusplus /Zp8 /GR /W3 /EHs /nologo /MD /D_CRT_SECURE_NO_DEPRECATE /D_SCL_SECURE_NO_DEPRECATE /D_SECURE_SCL=0   /DMATLAB_MEX_FILE  /DMATLAB_MEX_FILE /O2 /Oy- /DNDEBUG /fp:strict /utf-8 /I "." /I "G:\KTH\KTH exjobb 2025 - Local\EROS GUI\11 c_code" /I ".\interface" /I "C:\Program Files\MATLAB\R2025a\extern\include" /I "." -DMODEL=EROS_all_double_set_add_clipAny_limit5_mex   EROS_all_double_set_add_clipAny_limit5.c /Fobuild\win64\EROS_all_double_set_add_clipAny_limit5.obj
EROS_all_double_set_add_clipAny_limit5.c
[12/12] link @EROS_all_double_set_add_clipAny_limit5_mex.mexw64.rsp  /nologo    /DLL /LIBPATH:"C:\Program Files\MATLAB\R2025a\extern\lib\win64\microsoft" libmx.lib libmex.lib libmat.lib kernel32.lib user32.lib gdi32.lib winspool.lib comdlg32.lib advapi32.lib shell32.lib ole32.lib oleaut32.lib uuid.lib odbc32.lib odbccp32.lib  /out:"EROS_all_double_set_add_clipAny_limit5_mex.mexw64" libemlrt.lib libcovrt.lib libut.lib libmwmathutil.lib  /export:mexFunction /export:mexfilerequiredapiversion /export:emlrtMexFcnProperties /export:EROS_all_double_set_add_clipAny_limit5 /export:EROS_all_double_set_add_clipAny_limit5_initialize /export:EROS_all_double_set_add_clipAny_limit5_terminate /export:EROS_all_double_set_add_clipAny_limit5_atexit /export:emxFree_real_T /export:emxFree_uint16_T /export:emxFree_char_T /export:emxInit_real_T /export:emxInit_uint16_T /export:emxInit_char_T /export:emxEnsureCapacity_real_T /export:emxEnsureCapacity_uint16_T /export:emxEnsureCapacity_char_T
   Creating library EROS_all_double_set_add_clipAny_limit5_mex.lib and object EROS_all_double_set_add_clipAny_limit5_mex.exp
